<html>
<body>
<pre>
<h1>礦ision Build Log</h1>
<h2>Tool Versions:</h2>
IDE-Version: μVision V5.36.0.0
Copyright (C) 2021 ARM Ltd and ARM Germany GmbH. All rights reserved.
License Information: 11 ericyinwork@163.com, 1, LIC=CRMW3-ASUP7-17ARR-K9D4X-D9AMI-WAG5F
 
Tool Versions:
Toolchain:       MDK-ARM Professional  Version: 5.36.0.0
Toolchain Path:  D:\Keil_v5\ARM\ARMCC\Bin
C Compiler:      Armcc.exe V5.06 update 7 (build 960)
Assembler:       Armasm.exe V5.06 update 7 (build 960)
Linker/Locator:  ArmLink.exe V5.06 update 7 (build 960)
Library Manager: ArmAr.exe V5.06 update 7 (build 960)
Hex Converter:   FromElf.exe V5.06 update 7 (build 960)
CPU DLL:         SARMCM3.DLL V5.36.0.0
Dialog DLL:      DCM.DLL V1.17.3.0
Target DLL:      STLink\ST-LINKIII-KEIL_SWO.dll V3.0.9.0
Dialog DLL:      TCM.DLL V1.53.0.0
 
<h2>Project:</h2>
D:\AOSONG-Y\workrecord\FOC\odrive_source\my_odrive\FOC-STU - RTT\MDK-ARM\my_odrive.uvprojx
Project File Date:  08/12/2025

<h2>Output:</h2>
*** Using Compiler 'V5.06 update 7 (build 960)', folder: 'D:\Keil_v5\ARM\ARMCC\Bin'
Build target 'my_odrive'
compiling FOC_kernal.c...
FOC_kernal.c(18): warning:  #1035-D: single-precision operand implicitly converted to double-precision
    return a >= 0 ? a : (a + _2PI);
FOC_kernal.c(35): warning:  #1035-D: single-precision operand implicitly converted to double-precision
  	if(Uref> 0.577)Uref= 0.577;                     			//六边形的内切圆(SVPWM最大不失真旋转电压矢量赋值)根号3/3
FOC_kernal.c(40): warning:  #1035-D: single-precision operand implicitly converted to double-precision
  	  angle_el =_normalizeAngle(angle_el+_PI_2);            //加90度后是参考电压矢量的位置
FOC_kernal.c(42): warning:  #1035-D: single-precision operand implicitly converted to double-precision
  		angle_el =_normalizeAngle(angle_el-_PI_2);
FOC_kernal.c(45): warning:  #1035-D: single-precision operand implicitly converted to double-precision
  	sector = (angle_el / _PI_3) + 1; 
FOC_kernal.c(93): warning:  #1-D: last line of file ends without a newline
  }
FOC_kernal.c: 6 warnings, 0 errors
compiling main.c...
../Core/Src/main.c(226): warning:  #1035-D: single-precision operand implicitly converted to double-precision
  	float y = 0.9*y_vel_prev + 0.1*x;
../Core/Src/main.c(226): warning:  #1035-D: single-precision operand implicitly converted to double-precision
  	float y = 0.9*y_vel_prev + 0.1*x;
../Core/Src/main.c(235): warning:  #550-D: variable "output_vel_prev"  was set but never used
  	float output,output_vel_prev;
../Core/Src/main.c: 3 warnings, 0 errors
linking...
Program Size: Code=18760 RO-data=744 RW-data=104 ZI-data=1592  
FromELF: creating hex file...
"my_odrive\my_odrive.axf" - 0 Error(s), 9 Warning(s).

<h2>Software Packages used:</h2>

Package Vendor: ARM
                http://www.keil.com/pack/ARM.CMSIS.5.8.0.pack
                ARM.CMSIS.5.8.0
                CMSIS (Common Microcontroller Software Interface Standard)
   * Component: CORE Version: 5.5.0

Package Vendor: Keil
                https://www.keil.com/pack/Keil.STM32F4xx_DFP.3.1.0.pack
                Keil.STM32F4xx_DFP.3.1.0
                STMicroelectronics STM32F4 Series Device Support

<h2>Collection of Component include folders:</h2>
  .\RTE\_my_odrive
  D:\Users\ericy\AppData\Local\Arm\Packs\ARM\CMSIS\5.8.0\CMSIS\Core\Include

<h2>Collection of Component Files used:</h2>

   * Component: ARM::CMSIS:CORE:5.5.0
      Include file:  CMSIS\Core\Include\tz_context.h
Build Time Elapsed:  00:00:02
</pre>
</body>
</html>
